[0.668s] Invoking command in '/mnt/c/Users/Amir/Downloads/ros2_ws/build/ur_simulation_gazebo': CMAKE_PREFIX_PATH=${CMAKE_PREFIX_PATH}:/mnt/c/Users/Amir/Downloads/ros2_ws/install/ur_lab:/opt/ros/humble /usr/bin/cmake --build /mnt/c/Users/Amir/Downloads/ros2_ws/build/ur_simulation_gazebo -- -j16 -l16
[0.887s] Invoked command in '/mnt/c/Users/Amir/Downloads/ros2_ws/build/ur_simulation_gazebo' returned '0': CMAKE_PREFIX_PATH=${CMAKE_PREFIX_PATH}:/mnt/c/Users/Amir/Downloads/ros2_ws/install/ur_lab:/opt/ros/humble /usr/bin/cmake --build /mnt/c/Users/Amir/Downloads/ros2_ws/build/ur_simulation_gazebo -- -j16 -l16
[0.961s] Invoking command in '/mnt/c/Users/Amir/Downloads/ros2_ws/build/ur_simulation_gazebo': CMAKE_PREFIX_PATH=${CMAKE_PREFIX_PATH}:/mnt/c/Users/Amir/Downloads/ros2_ws/install/ur_lab:/opt/ros/humble /usr/bin/cmake --install /mnt/c/Users/Amir/Downloads/ros2_ws/build/ur_simulation_gazebo
[1.062s] -- Install configuration: ""
[1.072s] -- Execute custom install script
[1.116s] -- Up-to-date symlink: /mnt/c/Users/Amir/Downloads/ros2_ws/install/ur_simulation_gazebo/share/ur_simulation_gazebo/config/ur_controllers.yaml
[1.164s] -- Up-to-date symlink: /mnt/c/Users/Amir/Downloads/ros2_ws/install/ur_simulation_gazebo/share/ur_simulation_gazebo/launch/ur_sim_control.launch.py
[1.204s] -- Up-to-date symlink: /mnt/c/Users/Amir/Downloads/ros2_ws/install/ur_simulation_gazebo/share/ur_simulation_gazebo/launch/ur_sim_moveit.launch.py
[1.275s] -- Up-to-date symlink: /mnt/c/Users/Amir/Downloads/ros2_ws/install/ur_simulation_gazebo/share/ament_index/resource_index/package_run_dependencies/ur_simulation_gazebo
[1.331s] -- Up-to-date symlink: /mnt/c/Users/Amir/Downloads/ros2_ws/install/ur_simulation_gazebo/share/ament_index/resource_index/parent_prefix_path/ur_simulation_gazebo
[1.358s] -- Up-to-date symlink: /mnt/c/Users/Amir/Downloads/ros2_ws/install/ur_simulation_gazebo/share/ur_simulation_gazebo/environment/ament_prefix_path.sh
[1.389s] -- Up-to-date symlink: /mnt/c/Users/Amir/Downloads/ros2_ws/install/ur_simulation_gazebo/share/ur_simulation_gazebo/environment/ament_prefix_path.dsv
[1.413s] -- Up-to-date symlink: /mnt/c/Users/Amir/Downloads/ros2_ws/install/ur_simulation_gazebo/share/ur_simulation_gazebo/environment/path.sh
[1.443s] -- Up-to-date symlink: /mnt/c/Users/Amir/Downloads/ros2_ws/install/ur_simulation_gazebo/share/ur_simulation_gazebo/environment/path.dsv
[1.465s] -- Up-to-date symlink: /mnt/c/Users/Amir/Downloads/ros2_ws/install/ur_simulation_gazebo/share/ur_simulation_gazebo/local_setup.bash
[1.495s] -- Up-to-date symlink: /mnt/c/Users/Amir/Downloads/ros2_ws/install/ur_simulation_gazebo/share/ur_simulation_gazebo/local_setup.sh
[1.526s] -- Up-to-date symlink: /mnt/c/Users/Amir/Downloads/ros2_ws/install/ur_simulation_gazebo/share/ur_simulation_gazebo/local_setup.zsh
[1.555s] -- Up-to-date symlink: /mnt/c/Users/Amir/Downloads/ros2_ws/install/ur_simulation_gazebo/share/ur_simulation_gazebo/local_setup.dsv
[1.568s] -- Symlinking: /mnt/c/Users/Amir/Downloads/ros2_ws/install/ur_simulation_gazebo/share/ur_simulation_gazebo/package.dsv
[1.744s] -- Up-to-date symlink: /mnt/c/Users/Amir/Downloads/ros2_ws/install/ur_simulation_gazebo/share/ament_index/resource_index/packages/ur_simulation_gazebo
[1.769s] -- Up-to-date symlink: /mnt/c/Users/Amir/Downloads/ros2_ws/install/ur_simulation_gazebo/share/ur_simulation_gazebo/cmake/ur_simulation_gazeboConfig.cmake
[1.791s] -- Up-to-date symlink: /mnt/c/Users/Amir/Downloads/ros2_ws/install/ur_simulation_gazebo/share/ur_simulation_gazebo/cmake/ur_simulation_gazeboConfig-version.cmake
[1.815s] -- Up-to-date symlink: /mnt/c/Users/Amir/Downloads/ros2_ws/install/ur_simulation_gazebo/share/ur_simulation_gazebo/package.xml
[1.819s] Invoked command in '/mnt/c/Users/Amir/Downloads/ros2_ws/build/ur_simulation_gazebo' returned '0': CMAKE_PREFIX_PATH=${CMAKE_PREFIX_PATH}:/mnt/c/Users/Amir/Downloads/ros2_ws/install/ur_lab:/opt/ros/humble /usr/bin/cmake --install /mnt/c/Users/Amir/Downloads/ros2_ws/build/ur_simulation_gazebo
