[0.297s] Invoking command in '/home/khatam/ur_lab_ws/src/ur_lab': PYTHONPATH=/home/khatam/ur_lab_ws/build/ur_lab/prefix_override:/usr/lib/python3/dist-packages/colcon_core/task/python/colcon_distutils_commands:/home/khatam/ur_lab_ws/install/ur_lab/lib/python3.10/site-packages:${PYTHONPATH} /usr/bin/python3 -W ignore:setup.py install is deprecated -W ignore:easy_install command is deprecated setup.py egg_info --egg-base ../../build/ur_lab build --build-base /home/khatam/ur_lab_ws/build/ur_lab/build install --record /home/khatam/ur_lab_ws/build/ur_lab/install.log --single-version-externally-managed install_data
[0.417s] running egg_info
[0.417s] writing ../../build/ur_lab/ur_lab.egg-info/PKG-INFO
[0.417s] writing dependency_links to ../../build/ur_lab/ur_lab.egg-info/dependency_links.txt
[0.417s] writing entry points to ../../build/ur_lab/ur_lab.egg-info/entry_points.txt
[0.417s] writing requirements to ../../build/ur_lab/ur_lab.egg-info/requires.txt
[0.417s] writing top-level names to ../../build/ur_lab/ur_lab.egg-info/top_level.txt
[0.419s] reading manifest file '../../build/ur_lab/ur_lab.egg-info/SOURCES.txt'
[0.419s] writing manifest file '../../build/ur_lab/ur_lab.egg-info/SOURCES.txt'
[0.419s] running build
[0.419s] running build_py
[0.419s] copying ur_lab/move_robot.py -> /home/khatam/ur_lab_ws/build/ur_lab/build/lib/ur_lab
[0.419s] running install
[0.420s] running install_lib
[0.420s] copying /home/khatam/ur_lab_ws/build/ur_lab/build/lib/ur_lab/move_robot.py -> /home/khatam/ur_lab_ws/install/ur_lab/lib/python3.10/site-packages/ur_lab
[0.420s] byte-compiling /home/khatam/ur_lab_ws/install/ur_lab/lib/python3.10/site-packages/ur_lab/move_robot.py to move_robot.cpython-310.pyc
[0.421s] running install_data
[0.421s] running install_egg_info
[0.422s] removing '/home/khatam/ur_lab_ws/install/ur_lab/lib/python3.10/site-packages/ur_lab-0.0.0-py3.10.egg-info' (and everything under it)
[0.422s] Copying ../../build/ur_lab/ur_lab.egg-info to /home/khatam/ur_lab_ws/install/ur_lab/lib/python3.10/site-packages/ur_lab-0.0.0-py3.10.egg-info
[0.422s] running install_scripts
[0.432s] Installing add_scene script to /home/khatam/ur_lab_ws/install/ur_lab/lib/ur_lab
[0.432s] Installing move_robot script to /home/khatam/ur_lab_ws/install/ur_lab/lib/ur_lab
[0.432s] writing list of installed files to '/home/khatam/ur_lab_ws/build/ur_lab/install.log'
[0.444s] Invoked command in '/home/khatam/ur_lab_ws/src/ur_lab' returned '0': PYTHONPATH=/home/khatam/ur_lab_ws/build/ur_lab/prefix_override:/usr/lib/python3/dist-packages/colcon_core/task/python/colcon_distutils_commands:/home/khatam/ur_lab_ws/install/ur_lab/lib/python3.10/site-packages:${PYTHONPATH} /usr/bin/python3 -W ignore:setup.py install is deprecated -W ignore:easy_install command is deprecated setup.py egg_info --egg-base ../../build/ur_lab build --build-base /home/khatam/ur_lab_ws/build/ur_lab/build install --record /home/khatam/ur_lab_ws/build/ur_lab/install.log --single-version-externally-managed install_data
