[2.566s] Invoking command in '/mnt/c/Users/Amir/Downloads/ros2_ws/build/ur_lab': PYTHONPATH=/mnt/c/Users/Amir/Downloads/ros2_ws/build/ur_lab/prefix_override:/usr/lib/python3/dist-packages/colcon_core/task/python/colcon_distutils_commands:/mnt/c/Users/Amir/Downloads/ros2_ws/install/ur_lab/lib/python3.10/site-packages:${PYTHONPATH} /usr/bin/python3 -W ignore:setup.py install is deprecated -W ignore:easy_install command is deprecated setup.py develop --editable --build-directory /mnt/c/Users/Amir/Downloads/ros2_ws/build/ur_lab/build --no-deps symlink_data --force
[3.486s] running develop
[3.838s] running egg_info
[3.841s] writing ur_lab.egg-info/PKG-INFO
[3.848s] writing dependency_links to ur_lab.egg-info/dependency_links.txt
[3.853s] writing entry points to ur_lab.egg-info/entry_points.txt
[3.858s] writing requirements to ur_lab.egg-info/requires.txt
[3.876s] writing top-level names to ur_lab.egg-info/top_level.txt
[3.985s] reading manifest file 'ur_lab.egg-info/SOURCES.txt'
[4.104s] writing manifest file 'ur_lab.egg-info/SOURCES.txt'
[4.115s] running build_ext
[4.117s] Creating /mnt/c/Users/Amir/Downloads/ros2_ws/install/ur_lab/lib/python3.10/site-packages/ur-lab.egg-link (link to .)
[4.142s] Installing add_scene script to /mnt/c/Users/Amir/Downloads/ros2_ws/install/ur_lab/lib/ur_lab
[4.164s] Installing move_robot script to /mnt/c/Users/Amir/Downloads/ros2_ws/install/ur_lab/lib/ur_lab
[4.192s] 
[4.195s] Installed /mnt/c/Users/Amir/Downloads/ros2_ws/build/ur_lab
[4.198s] running symlink_data
[4.224s] symbolically linking /mnt/c/Users/Amir/Downloads/ros2_ws/build/ur_lab/resource/ur_lab -> /mnt/c/Users/Amir/Downloads/ros2_ws/install/ur_lab/share/ament_index/resource_index/packages
[4.246s] symbolically linking /mnt/c/Users/Amir/Downloads/ros2_ws/build/ur_lab/package.xml -> /mnt/c/Users/Amir/Downloads/ros2_ws/install/ur_lab/share/ur_lab
[4.270s] symbolically linking /mnt/c/Users/Amir/Downloads/ros2_ws/build/ur_lab/launch/sim.launch.py -> /mnt/c/Users/Amir/Downloads/ros2_ws/install/ur_lab/share/ur_lab/launch
[4.292s] symbolically linking /mnt/c/Users/Amir/Downloads/ros2_ws/build/ur_lab/worlds/lab.world -> /mnt/c/Users/Amir/Downloads/ros2_ws/install/ur_lab/share/ur_lab/worlds
[4.315s] Invoked command in '/mnt/c/Users/Amir/Downloads/ros2_ws/build/ur_lab' returned '0': PYTHONPATH=/mnt/c/Users/Amir/Downloads/ros2_ws/build/ur_lab/prefix_override:/usr/lib/python3/dist-packages/colcon_core/task/python/colcon_distutils_commands:/mnt/c/Users/Amir/Downloads/ros2_ws/install/ur_lab/lib/python3.10/site-packages:${PYTHONPATH} /usr/bin/python3 -W ignore:setup.py install is deprecated -W ignore:easy_install command is deprecated setup.py develop --editable --build-directory /mnt/c/Users/Amir/Downloads/ros2_ws/build/ur_lab/build --no-deps symlink_data --force
