[3.174s] Invoking command in '/mnt/c/Users/Amir/Downloads/ros2_ws/build/ur_lab': PYTHONPATH=/mnt/c/Users/Amir/Downloads/ros2_ws/build/ur_lab/prefix_override:/usr/lib/python3/dist-packages/colcon_core/task/python/colcon_distutils_commands:/mnt/c/Users/Amir/Downloads/ros2_ws/install/ur_lab/lib/python3.10/site-packages:${PYTHONPATH} /usr/bin/python3 -W ignore:setup.py install is deprecated -W ignore:easy_install command is deprecated setup.py develop --editable --build-directory /mnt/c/Users/Amir/Downloads/ros2_ws/build/ur_lab/build --no-deps symlink_data
[4.249s] running develop
[4.619s] running egg_info
[4.621s] writing ur_lab.egg-info/PKG-INFO
[4.624s] writing dependency_links to ur_lab.egg-info/dependency_links.txt
[4.628s] writing entry points to ur_lab.egg-info/entry_points.txt
[4.634s] writing requirements to ur_lab.egg-info/requires.txt
[4.637s] writing top-level names to ur_lab.egg-info/top_level.txt
[4.748s] reading manifest file 'ur_lab.egg-info/SOURCES.txt'
[4.871s] writing manifest file 'ur_lab.egg-info/SOURCES.txt'
[4.886s] running build_ext
[4.888s] Creating /mnt/c/Users/Amir/Downloads/ros2_ws/install/ur_lab/lib/python3.10/site-packages/ur-lab.egg-link (link to .)
[4.915s] Installing add_scene script to /mnt/c/Users/Amir/Downloads/ros2_ws/install/ur_lab/lib/ur_lab
[4.939s] Installing move_robot script to /mnt/c/Users/Amir/Downloads/ros2_ws/install/ur_lab/lib/ur_lab
[4.965s] Installing pick_cube script to /mnt/c/Users/Amir/Downloads/ros2_ws/install/ur_lab/lib/ur_lab
[4.993s] Installing scan_pick script to /mnt/c/Users/Amir/Downloads/ros2_ws/install/ur_lab/lib/ur_lab
[5.023s] 
[5.025s] Installed /mnt/c/Users/Amir/Downloads/ros2_ws/build/ur_lab
[5.027s] running symlink_data
[5.259s] Invoked command in '/mnt/c/Users/Amir/Downloads/ros2_ws/build/ur_lab' returned '0': PYTHONPATH=/mnt/c/Users/Amir/Downloads/ros2_ws/build/ur_lab/prefix_override:/usr/lib/python3/dist-packages/colcon_core/task/python/colcon_distutils_commands:/mnt/c/Users/Amir/Downloads/ros2_ws/install/ur_lab/lib/python3.10/site-packages:${PYTHONPATH} /usr/bin/python3 -W ignore:setup.py install is deprecated -W ignore:easy_install command is deprecated setup.py develop --editable --build-directory /mnt/c/Users/Amir/Downloads/ros2_ws/build/ur_lab/build --no-deps symlink_data
