[0.690s] Invoking command in '/mnt/c/Users/Amir/Downloads/ros2_ws/build/ur_lab_gazebo': CMAKE_PREFIX_PATH=${CMAKE_PREFIX_PATH}:/mnt/c/Users/Amir/Downloads/ros2_ws/install/ur_lab:/opt/ros/humble /usr/bin/cmake /mnt/c/Users/Amir/Downloads/ros2_ws/src/ur_lab_gazebo -DAMENT_CMAKE_SYMLINK_INSTALL=1 -DCMAKE_INSTALL_PREFIX=/mnt/c/Users/Amir/Downloads/ros2_ws/install/ur_lab_gazebo
[1.137s] -- The C compiler identification is GNU 11.4.0
[1.837s] -- The CXX compiler identification is GNU 11.4.0
[2.189s] -- Detecting C compiler ABI info
[2.890s] -- Detecting C compiler ABI info - done
[2.925s] -- Check for working C compiler: /usr/bin/cc - skipped
[2.928s] -- Detecting C compile features
[2.930s] -- Detecting C compile features - done
[2.984s] -- Detecting CXX compiler ABI info
[3.606s] -- Detecting CXX compiler ABI info - done
[3.650s] -- Check for working CXX compiler: /usr/bin/c++ - skipped
[3.652s] -- Detecting CXX compile features
[3.654s] -- Detecting CXX compile features - done
[3.804s] -- Found ament_cmake: 1.3.14 (/opt/ros/humble/share/ament_cmake/cmake)
[4.447s] -- Found Python3: /usr/bin/python3 (found version "3.10.12") found components: Interpreter 
[4.706s] -- Override CMake install command with custom implementation using symlinks instead of copying resources
[5.768s] -- Found rclcpp: 16.0.19 (/opt/ros/humble/share/rclcpp/cmake)
[6.675s] -- Found rosidl_generator_c: 3.1.9 (/opt/ros/humble/share/rosidl_generator_c/cmake)
[6.803s] -- Found rosidl_adapter: 3.1.9 (/opt/ros/humble/share/rosidl_adapter/cmake)
[6.922s] -- Found rosidl_generator_cpp: 3.1.9 (/opt/ros/humble/share/rosidl_generator_cpp/cmake)
[7.060s] -- Using all available rosidl_typesupport_c: rosidl_typesupport_fastrtps_c;rosidl_typesupport_introspection_c
[7.339s] -- Using all available rosidl_typesupport_cpp: rosidl_typesupport_fastrtps_cpp;rosidl_typesupport_introspection_cpp
[8.013s] -- Found rmw_implementation_cmake: 6.1.3 (/opt/ros/humble/share/rmw_implementation_cmake/cmake)
[8.082s] -- Found rmw_fastrtps_cpp: 6.2.10 (/opt/ros/humble/share/rmw_fastrtps_cpp/cmake)
[9.125s] -- Found OpenSSL: /usr/lib/x86_64-linux-gnu/libcrypto.so (found version "3.0.2")  
[10.064s] -- Found FastRTPS: /opt/ros/humble/include  
[11.472s] -- Using RMW implementation 'rmw_fastrtps_cpp' as default
[11.655s] -- Looking for pthread.h
[12.086s] -- Looking for pthread.h - found
[12.093s] -- Performing Test CMAKE_HAVE_LIBC_PTHREAD
[12.590s] -- Performing Test CMAKE_HAVE_LIBC_PTHREAD - Success
[12.595s] -- Found Threads: TRUE  
[12.919s] -- Found gazebo_dev: 3.9.0 (/opt/ros/humble/share/gazebo_dev/cmake)
[12.974s] -- Found PkgConfig: /usr/bin/pkg-config (found version "0.29.2") 
[12.976s] -- Checking for module 'bullet>=2.82'
[13.004s] --   Found bullet, version 3.05
[13.314s] -- Found fcl: /usr/include (found suitable version "0.7.0", minimum required is "0.5.0") 
[13.373s] -- Found assimp: /usr/include (found version "5.2.0") 
[13.722s] -- Found DART: /usr/include (Required is at least version "6.6") found components: dart 
[14.054s] -- Found Boost: /usr/lib/x86_64-linux-gnu/cmake/Boost-1.74.0/BoostConfig.cmake (found suitable version "1.74.0", minimum required is "1.40.0") found components: thread system filesystem program_options regex iostreams date_time 
[14.275s] -- Found Protobuf: /usr/lib/x86_64-linux-gnu/libprotobuf.so (found version "3.12.4") 
[14.387s] -- Looking for ignition-math6 -- found version 6.16.0
[14.439s] -- Searching for dependencies of ignition-math6
[14.442s] -- Looking for OGRE...
[14.444s] -- OGRE_PREFIX_WATCH changed.
[14.446s] -- Checking for module 'OGRE'
[14.473s] --   Found OGRE, version 1.9.0
[14.507s] -- Found Ogre Ghadamon (1.9.0)
[14.809s] -- Found OGRE: optimized;/usr/lib/x86_64-linux-gnu/libOgreMain.so;debug;/usr/lib/x86_64-linux-gnu/libOgreMain.so
[14.816s] -- Looking for OGRE_Paging...
[15.187s] -- Found OGRE_Paging: optimized;/usr/lib/x86_64-linux-gnu/libOgrePaging.so;debug;/usr/lib/x86_64-linux-gnu/libOgrePaging.so
[15.188s] -- Looking for OGRE_Terrain...
[15.449s] -- Found OGRE_Terrain: optimized;/usr/lib/x86_64-linux-gnu/libOgreTerrain.so;debug;/usr/lib/x86_64-linux-gnu/libOgreTerrain.so
[15.450s] -- Looking for OGRE_Property...
[15.768s] -- Found OGRE_Property: optimized;/usr/lib/x86_64-linux-gnu/libOgreProperty.so;debug;/usr/lib/x86_64-linux-gnu/libOgreProperty.so
[15.770s] -- Looking for OGRE_RTShaderSystem...
[16.064s] -- Found OGRE_RTShaderSystem: optimized;/usr/lib/x86_64-linux-gnu/libOgreRTShaderSystem.so;debug;/usr/lib/x86_64-linux-gnu/libOgreRTShaderSystem.so
[16.065s] -- Looking for OGRE_Volume...
[16.366s] -- Found OGRE_Volume: optimized;/usr/lib/x86_64-linux-gnu/libOgreVolume.so;debug;/usr/lib/x86_64-linux-gnu/libOgreVolume.so
[16.368s] -- Looking for OGRE_Overlay...
[16.632s] -- Found OGRE_Overlay: optimized;/usr/lib/x86_64-linux-gnu/libOgreOverlay.so;debug;/usr/lib/x86_64-linux-gnu/libOgreOverlay.so
[29.078s] -- Looking for ignition-math6 -- found version 6.16.0
[29.142s] -- Looking for ignition-transport8 -- found version 8.2.1
[29.144s] -- Searching for dependencies of ignition-transport8
[29.908s] -- Found Protobuf: /usr/lib/x86_64-linux-gnu/libprotobuf.so (found suitable version "3.12.4", minimum required is "3") 
[30.654s] -- Config-file not installed for ZeroMQ -- checking for pkg-config
[30.658s] -- Checking for module 'libzmq >= 4'
[30.690s] --   Found libzmq , version 4.3.4
[30.708s] -- Found ZeroMQ: TRUE (Required is at least version "4") 
[30.736s] -- Checking for module 'uuid'
[30.764s] --   Found uuid, version 2.37.2
[30.780s] -- Found UUID: TRUE  
[30.838s] -- Looking for ignition-msgs5 -- found version 5.8.1
[30.839s] -- Searching for dependencies of ignition-msgs5
[31.525s] -- Looking for ignition-math6 -- found version 6.16.0
[31.529s] -- Checking for module 'tinyxml2'
[31.551s] --   Found tinyxml2, version 9.0.0
[31.570s] -- Looking for ignition-msgs5 -- found version 5.8.1
[31.632s] -- Looking for ignition-common3 -- found version 3.14.0
[31.634s] -- Searching for dependencies of ignition-common3
[31.657s] -- Looking for dlfcn.h - found
[31.677s] -- Looking for libdl - found
[31.679s] -- Found DL: TRUE  
[31.790s] -- Found tinyobjloader: /usr/lib/x86_64-linux-gnu/cmake/tinyobjloader/tinyobjloader-config.cmake (found version "2.0.0") 
[31.791s] -- Searching for <ignition-common3> component [graphics]
[31.849s] -- Looking for ignition-common3-graphics -- found version 3.14.0
[31.851s] -- Searching for dependencies of ignition-common3-graphics
[31.852s] -- Looking for ignition-math6 -- found version 6.16.0
[31.910s] -- Looking for ignition-fuel_tools4 -- found version 4.4.0
[31.912s] -- Searching for dependencies of ignition-fuel_tools4
[32.761s] -- Found CURL: /usr/lib/x86_64-linux-gnu/libcurl.so (found version "7.81.0")  
[32.828s] -- Checking for module 'jsoncpp'
[32.855s] --   Found jsoncpp, version 1.9.5
[32.872s] -- Found JSONCPP: TRUE  
[32.876s] -- Checking for module 'libzip'
[32.905s] --   Found libzip, version 1.7.3
[32.922s] -- Found ZIP: TRUE  
[32.924s] -- Looking for ignition-common3 -- found version 3.14.0
[32.925s] -- Looking for ignition-math6 -- found version 6.16.0
[32.926s] -- Looking for ignition-msgs5 -- found version 5.8.1
[32.993s] -- Gazebo version: 11.10
[32.994s] -- Checking for module 'tbb'
[33.024s] --   Found tbb, version 2021.5.0
[33.103s] -- Found gazebo_ros: 3.9.0 (/opt/ros/humble/share/gazebo_ros/cmake)
[34.160s] -- Configuring done
[34.595s] -- Generating done
[34.866s] -- Build files have been written to: /mnt/c/Users/Amir/Downloads/ros2_ws/build/ur_lab_gazebo
[34.874s] Invoked command in '/mnt/c/Users/Amir/Downloads/ros2_ws/build/ur_lab_gazebo' returned '0': CMAKE_PREFIX_PATH=${CMAKE_PREFIX_PATH}:/mnt/c/Users/Amir/Downloads/ros2_ws/install/ur_lab:/opt/ros/humble /usr/bin/cmake /mnt/c/Users/Amir/Downloads/ros2_ws/src/ur_lab_gazebo -DAMENT_CMAKE_SYMLINK_INSTALL=1 -DCMAKE_INSTALL_PREFIX=/mnt/c/Users/Amir/Downloads/ros2_ws/install/ur_lab_gazebo
[34.885s] Invoking command in '/mnt/c/Users/Amir/Downloads/ros2_ws/build/ur_lab_gazebo': CMAKE_PREFIX_PATH=${CMAKE_PREFIX_PATH}:/mnt/c/Users/Amir/Downloads/ros2_ws/install/ur_lab:/opt/ros/humble /usr/bin/cmake --build /mnt/c/Users/Amir/Downloads/ros2_ws/build/ur_lab_gazebo -- -j16 -l16
[35.073s] [ 50%] [32mBuilding CXX object CMakeFiles/grasp_welder.dir/src/grasp_welder.cpp.o[0m
[46.865s] [100%] [32m[1mLinking CXX shared library libgrasp_welder.so[0m
[52.005s] [100%] Built target grasp_welder
[52.023s] Invoked command in '/mnt/c/Users/Amir/Downloads/ros2_ws/build/ur_lab_gazebo' returned '0': CMAKE_PREFIX_PATH=${CMAKE_PREFIX_PATH}:/mnt/c/Users/Amir/Downloads/ros2_ws/install/ur_lab:/opt/ros/humble /usr/bin/cmake --build /mnt/c/Users/Amir/Downloads/ros2_ws/build/ur_lab_gazebo -- -j16 -l16
[52.038s] Invoking command in '/mnt/c/Users/Amir/Downloads/ros2_ws/build/ur_lab_gazebo': CMAKE_PREFIX_PATH=${CMAKE_PREFIX_PATH}:/mnt/c/Users/Amir/Downloads/ros2_ws/install/ur_lab:/opt/ros/humble /usr/bin/cmake --install /mnt/c/Users/Amir/Downloads/ros2_ws/build/ur_lab_gazebo
[52.045s] -- Install configuration: ""
[52.052s] -- Execute custom install script
[52.063s] -- Symlinking: /mnt/c/Users/Amir/Downloads/ros2_ws/install/ur_lab_gazebo/lib/libgrasp_welder.so
[52.091s] -- Symlinking: /mnt/c/Users/Amir/Downloads/ros2_ws/install/ur_lab_gazebo/share/ur_lab_gazebo/environment/ur_lab_gazebo.dsv
[52.127s] -- Symlinking: /mnt/c/Users/Amir/Downloads/ros2_ws/install/ur_lab_gazebo/share/ament_index/resource_index/package_run_dependencies/ur_lab_gazebo
[52.166s] -- Symlinking: /mnt/c/Users/Amir/Downloads/ros2_ws/install/ur_lab_gazebo/share/ament_index/resource_index/parent_prefix_path/ur_lab_gazebo
[52.192s] -- Symlinking: /mnt/c/Users/Amir/Downloads/ros2_ws/install/ur_lab_gazebo/share/ur_lab_gazebo/environment/ament_prefix_path.sh
[52.219s] -- Symlinking: /mnt/c/Users/Amir/Downloads/ros2_ws/install/ur_lab_gazebo/share/ur_lab_gazebo/environment/ament_prefix_path.dsv
[52.245s] -- Symlinking: /mnt/c/Users/Amir/Downloads/ros2_ws/install/ur_lab_gazebo/share/ur_lab_gazebo/environment/path.sh
[52.269s] -- Symlinking: /mnt/c/Users/Amir/Downloads/ros2_ws/install/ur_lab_gazebo/share/ur_lab_gazebo/environment/path.dsv
[52.293s] -- Symlinking: /mnt/c/Users/Amir/Downloads/ros2_ws/install/ur_lab_gazebo/share/ur_lab_gazebo/local_setup.bash
[52.315s] -- Symlinking: /mnt/c/Users/Amir/Downloads/ros2_ws/install/ur_lab_gazebo/share/ur_lab_gazebo/local_setup.sh
[52.338s] -- Symlinking: /mnt/c/Users/Amir/Downloads/ros2_ws/install/ur_lab_gazebo/share/ur_lab_gazebo/local_setup.zsh
[52.362s] -- Symlinking: /mnt/c/Users/Amir/Downloads/ros2_ws/install/ur_lab_gazebo/share/ur_lab_gazebo/local_setup.dsv
[52.397s] -- Symlinking: /mnt/c/Users/Amir/Downloads/ros2_ws/install/ur_lab_gazebo/share/ur_lab_gazebo/package.dsv
[52.452s] -- Symlinking: /mnt/c/Users/Amir/Downloads/ros2_ws/install/ur_lab_gazebo/share/ament_index/resource_index/packages/ur_lab_gazebo
[52.490s] -- Symlinking: /mnt/c/Users/Amir/Downloads/ros2_ws/install/ur_lab_gazebo/share/ur_lab_gazebo/cmake/ur_lab_gazeboConfig.cmake
[52.514s] -- Symlinking: /mnt/c/Users/Amir/Downloads/ros2_ws/install/ur_lab_gazebo/share/ur_lab_gazebo/cmake/ur_lab_gazeboConfig-version.cmake
[52.555s] -- Symlinking: /mnt/c/Users/Amir/Downloads/ros2_ws/install/ur_lab_gazebo/share/ur_lab_gazebo/package.xml
[52.580s] Invoked command in '/mnt/c/Users/Amir/Downloads/ros2_ws/build/ur_lab_gazebo' returned '0': CMAKE_PREFIX_PATH=${CMAKE_PREFIX_PATH}:/mnt/c/Users/Amir/Downloads/ros2_ws/install/ur_lab:/opt/ros/humble /usr/bin/cmake --install /mnt/c/Users/Amir/Downloads/ros2_ws/build/ur_lab_gazebo
