[0.727s] Invoking command in '/mnt/c/Users/Amir/Downloads/ros2_ws/build/ur_simulation_gazebo': CMAKE_PREFIX_PATH=${CMAKE_PREFIX_PATH}:/mnt/c/Users/Amir/Downloads/ros2_ws/install/ur_lab:/opt/ros/humble /usr/bin/cmake --build /mnt/c/Users/Amir/Downloads/ros2_ws/build/ur_simulation_gazebo -- -j16 -l16
[0.847s] Invoked command in '/mnt/c/Users/Amir/Downloads/ros2_ws/build/ur_simulation_gazebo' returned '0': CMAKE_PREFIX_PATH=${CMAKE_PREFIX_PATH}:/mnt/c/Users/Amir/Downloads/ros2_ws/install/ur_lab:/opt/ros/humble /usr/bin/cmake --build /mnt/c/Users/Amir/Downloads/ros2_ws/build/ur_simulation_gazebo -- -j16 -l16
[0.873s] Invoking command in '/mnt/c/Users/Amir/Downloads/ros2_ws/build/ur_simulation_gazebo': CMAKE_PREFIX_PATH=${CMAKE_PREFIX_PATH}:/mnt/c/Users/Amir/Downloads/ros2_ws/install/ur_lab:/opt/ros/humble /usr/bin/cmake --install /mnt/c/Users/Amir/Downloads/ros2_ws/build/ur_simulation_gazebo
[0.883s] -- Install configuration: ""
[0.896s] -- Execute custom install script
[0.947s] -- Up-to-date symlink: /mnt/c/Users/Amir/Downloads/ros2_ws/install/ur_simulation_gazebo/share/ur_simulation_gazebo/config/ur_controllers.yaml
[0.997s] -- Up-to-date symlink: /mnt/c/Users/Amir/Downloads/ros2_ws/install/ur_simulation_gazebo/share/ur_simulation_gazebo/launch/ur_sim_control.launch.py
[1.031s] -- Up-to-date symlink: /mnt/c/Users/Amir/Downloads/ros2_ws/install/ur_simulation_gazebo/share/ur_simulation_gazebo/launch/ur_sim_moveit.launch.py
[1.084s] -- Up-to-date symlink: /mnt/c/Users/Amir/Downloads/ros2_ws/install/ur_simulation_gazebo/share/ament_index/resource_index/package_run_dependencies/ur_simulation_gazebo
[1.134s] -- Up-to-date symlink: /mnt/c/Users/Amir/Downloads/ros2_ws/install/ur_simulation_gazebo/share/ament_index/resource_index/parent_prefix_path/ur_simulation_gazebo
[1.157s] -- Up-to-date symlink: /mnt/c/Users/Amir/Downloads/ros2_ws/install/ur_simulation_gazebo/share/ur_simulation_gazebo/environment/ament_prefix_path.sh
[1.186s] -- Up-to-date symlink: /mnt/c/Users/Amir/Downloads/ros2_ws/install/ur_simulation_gazebo/share/ur_simulation_gazebo/environment/ament_prefix_path.dsv
[1.209s] -- Up-to-date symlink: /mnt/c/Users/Amir/Downloads/ros2_ws/install/ur_simulation_gazebo/share/ur_simulation_gazebo/environment/path.sh
[1.236s] -- Up-to-date symlink: /mnt/c/Users/Amir/Downloads/ros2_ws/install/ur_simulation_gazebo/share/ur_simulation_gazebo/environment/path.dsv
[1.261s] -- Up-to-date symlink: /mnt/c/Users/Amir/Downloads/ros2_ws/install/ur_simulation_gazebo/share/ur_simulation_gazebo/local_setup.bash
[1.284s] -- Up-to-date symlink: /mnt/c/Users/Amir/Downloads/ros2_ws/install/ur_simulation_gazebo/share/ur_simulation_gazebo/local_setup.sh
[1.308s] -- Up-to-date symlink: /mnt/c/Users/Amir/Downloads/ros2_ws/install/ur_simulation_gazebo/share/ur_simulation_gazebo/local_setup.zsh
[1.330s] -- Up-to-date symlink: /mnt/c/Users/Amir/Downloads/ros2_ws/install/ur_simulation_gazebo/share/ur_simulation_gazebo/local_setup.dsv
[1.342s] -- Symlinking: /mnt/c/Users/Amir/Downloads/ros2_ws/install/ur_simulation_gazebo/share/ur_simulation_gazebo/package.dsv
[1.420s] -- Up-to-date symlink: /mnt/c/Users/Amir/Downloads/ros2_ws/install/ur_simulation_gazebo/share/ament_index/resource_index/packages/ur_simulation_gazebo
[1.448s] -- Up-to-date symlink: /mnt/c/Users/Amir/Downloads/ros2_ws/install/ur_simulation_gazebo/share/ur_simulation_gazebo/cmake/ur_simulation_gazeboConfig.cmake
[1.466s] -- Up-to-date symlink: /mnt/c/Users/Amir/Downloads/ros2_ws/install/ur_simulation_gazebo/share/ur_simulation_gazebo/cmake/ur_simulation_gazeboConfig-version.cmake
[1.482s] -- Up-to-date symlink: /mnt/c/Users/Amir/Downloads/ros2_ws/install/ur_simulation_gazebo/share/ur_simulation_gazebo/package.xml
[1.485s] Invoked command in '/mnt/c/Users/Amir/Downloads/ros2_ws/build/ur_simulation_gazebo' returned '0': CMAKE_PREFIX_PATH=${CMAKE_PREFIX_PATH}:/mnt/c/Users/Amir/Downloads/ros2_ws/install/ur_lab:/opt/ros/humble /usr/bin/cmake --install /mnt/c/Users/Amir/Downloads/ros2_ws/build/ur_simulation_gazebo
