[2.900s] Invoking command in '/mnt/c/Users/Amir/Downloads/ros2_ws/build/ur_lab': PYTHONPATH=/mnt/c/Users/Amir/Downloads/ros2_ws/build/ur_lab/prefix_override:/usr/lib/python3/dist-packages/colcon_core/task/python/colcon_distutils_commands:/mnt/c/Users/Amir/Downloads/ros2_ws/install/ur_lab/lib/python3.10/site-packages:${PYTHONPATH} /usr/bin/python3 -W ignore:setup.py install is deprecated -W ignore:easy_install command is deprecated setup.py develop --editable --build-directory /mnt/c/Users/Amir/Downloads/ros2_ws/build/ur_lab/build --no-deps symlink_data
[3.570s] running develop
[3.846s] running egg_info
[3.847s] writing ur_lab.egg-info/PKG-INFO
[3.851s] writing dependency_links to ur_lab.egg-info/dependency_links.txt
[3.854s] writing entry points to ur_lab.egg-info/entry_points.txt
[3.860s] writing requirements to ur_lab.egg-info/requires.txt
[3.861s] writing top-level names to ur_lab.egg-info/top_level.txt
[3.946s] reading manifest file 'ur_lab.egg-info/SOURCES.txt'
[4.031s] writing manifest file 'ur_lab.egg-info/SOURCES.txt'
[4.040s] running build_ext
[4.042s] Creating /mnt/c/Users/Amir/Downloads/ros2_ws/install/ur_lab/lib/python3.10/site-packages/ur-lab.egg-link (link to .)
[4.059s] Installing add_scene script to /mnt/c/Users/Amir/Downloads/ros2_ws/install/ur_lab/lib/ur_lab
[4.069s] Installing move_robot script to /mnt/c/Users/Amir/Downloads/ros2_ws/install/ur_lab/lib/ur_lab
[4.082s] Installing pick_cube script to /mnt/c/Users/Amir/Downloads/ros2_ws/install/ur_lab/lib/ur_lab
[4.097s] Installing scan_pick script to /mnt/c/Users/Amir/Downloads/ros2_ws/install/ur_lab/lib/ur_lab
[4.113s] 
[4.115s] Installed /mnt/c/Users/Amir/Downloads/ros2_ws/build/ur_lab
[4.117s] running symlink_data
[4.230s] Invoked command in '/mnt/c/Users/Amir/Downloads/ros2_ws/build/ur_lab' returned '0': PYTHONPATH=/mnt/c/Users/Amir/Downloads/ros2_ws/build/ur_lab/prefix_override:/usr/lib/python3/dist-packages/colcon_core/task/python/colcon_distutils_commands:/mnt/c/Users/Amir/Downloads/ros2_ws/install/ur_lab/lib/python3.10/site-packages:${PYTHONPATH} /usr/bin/python3 -W ignore:setup.py install is deprecated -W ignore:easy_install command is deprecated setup.py develop --editable --build-directory /mnt/c/Users/Amir/Downloads/ros2_ws/build/ur_lab/build --no-deps symlink_data
