[0.902s] Invoking command in '/mnt/c/Users/Amir/Downloads/ros2_ws/build/ur_lab_gazebo': CMAKE_PREFIX_PATH=${CMAKE_PREFIX_PATH}:/mnt/c/Users/Amir/Downloads/ros2_ws/install/ur_lab:/opt/ros/humble /usr/bin/cmake /mnt/c/Users/Amir/Downloads/ros2_ws/src/ur_lab_gazebo -DAMENT_CMAKE_SYMLINK_INSTALL=1 -DCMAKE_INSTALL_PREFIX=/mnt/c/Users/Amir/Downloads/ros2_ws/install/ur_lab_gazebo
[1.463s] -- The C compiler identification is GNU 11.4.0
[2.059s] -- The CXX compiler identification is GNU 11.4.0
[2.361s] -- Detecting C compiler ABI info
[3.084s] -- Detecting C compiler ABI info - done
[3.119s] -- Check for working C compiler: /usr/bin/cc - skipped
[3.122s] -- Detecting C compile features
[3.126s] -- Detecting C compile features - done
[3.192s] -- Detecting CXX compiler ABI info
[3.935s] -- Detecting CXX compiler ABI info - done
[3.973s] -- Check for working CXX compiler: /usr/bin/c++ - skipped
[3.975s] -- Detecting CXX compile features
[3.980s] -- Detecting CXX compile features - done
[4.098s] -- Found ament_cmake: 1.3.14 (/opt/ros/humble/share/ament_cmake/cmake)
[4.635s] -- Found Python3: /usr/bin/python3 (found version "3.10.12") found components: Interpreter 
[4.944s] -- Override CMake install command with custom implementation using symlinks instead of copying resources
[5.653s] -- Found rclcpp: 16.0.19 (/opt/ros/humble/share/rclcpp/cmake)
[6.165s] -- Found rosidl_generator_c: 3.1.9 (/opt/ros/humble/share/rosidl_generator_c/cmake)
[6.306s] -- Found rosidl_adapter: 3.1.9 (/opt/ros/humble/share/rosidl_adapter/cmake)
[6.369s] -- Found rosidl_generator_cpp: 3.1.9 (/opt/ros/humble/share/rosidl_generator_cpp/cmake)
[6.468s] -- Using all available rosidl_typesupport_c: rosidl_typesupport_fastrtps_c;rosidl_typesupport_introspection_c
[6.612s] -- Using all available rosidl_typesupport_cpp: rosidl_typesupport_fastrtps_cpp;rosidl_typesupport_introspection_cpp
[7.094s] -- Found rmw_implementation_cmake: 6.1.3 (/opt/ros/humble/share/rmw_implementation_cmake/cmake)
[7.161s] -- Found rmw_fastrtps_cpp: 6.2.10 (/opt/ros/humble/share/rmw_fastrtps_cpp/cmake)
[9.104s] -- Found OpenSSL: /usr/lib/x86_64-linux-gnu/libcrypto.so (found version "3.0.2")  
[10.888s] -- Found FastRTPS: /opt/ros/humble/include  
[13.695s] -- Using RMW implementation 'rmw_fastrtps_cpp' as default
[14.140s] -- Looking for pthread.h
[14.935s] -- Looking for pthread.h - found
[14.948s] -- Performing Test CMAKE_HAVE_LIBC_PTHREAD
[15.830s] -- Performing Test CMAKE_HAVE_LIBC_PTHREAD - Success
[15.837s] -- Found Threads: TRUE  
[16.502s] -- Found gazebo_dev: 3.9.0 (/opt/ros/humble/share/gazebo_dev/cmake)
[16.637s] -- Found PkgConfig: /usr/bin/pkg-config (found version "0.29.2") 
[16.640s] -- Checking for module 'bullet>=2.82'
[16.779s] --   Found bullet, version 3.05
[17.843s] -- Found fcl: /usr/include (found suitable version "0.7.0", minimum required is "0.5.0") 
[18.231s] -- Found assimp: /usr/include (found version "5.2.0") 
[18.823s] -- Found DART: /usr/include (Required is at least version "6.6") found components: dart 
[19.405s] -- Found Boost: /usr/lib/x86_64-linux-gnu/cmake/Boost-1.74.0/BoostConfig.cmake (found suitable version "1.74.0", minimum required is "1.40.0") found components: thread system filesystem program_options regex iostreams date_time 
[19.926s] -- Found Protobuf: /usr/lib/x86_64-linux-gnu/libprotobuf.so (found version "3.12.4") 
[20.130s] -- Looking for ignition-math6 -- found version 6.16.0
[20.226s] -- Searching for dependencies of ignition-math6
[20.230s] -- Looking for OGRE...
[20.233s] -- OGRE_PREFIX_WATCH changed.
[20.249s] -- Checking for module 'OGRE'
[20.377s] --   Found OGRE, version 1.9.0
[20.625s] -- Found Ogre Ghadamon (1.9.0)
[21.128s] -- Found OGRE: optimized;/usr/lib/x86_64-linux-gnu/libOgreMain.so;debug;/usr/lib/x86_64-linux-gnu/libOgreMain.so
[21.135s] -- Looking for OGRE_Paging...
[21.580s] -- Found OGRE_Paging: optimized;/usr/lib/x86_64-linux-gnu/libOgrePaging.so;debug;/usr/lib/x86_64-linux-gnu/libOgrePaging.so
[21.582s] -- Looking for OGRE_Terrain...
[22.064s] -- Found OGRE_Terrain: optimized;/usr/lib/x86_64-linux-gnu/libOgreTerrain.so;debug;/usr/lib/x86_64-linux-gnu/libOgreTerrain.so
[22.066s] -- Looking for OGRE_Property...
[22.589s] -- Found OGRE_Property: optimized;/usr/lib/x86_64-linux-gnu/libOgreProperty.so;debug;/usr/lib/x86_64-linux-gnu/libOgreProperty.so
[22.592s] -- Looking for OGRE_RTShaderSystem...
[23.100s] -- Found OGRE_RTShaderSystem: optimized;/usr/lib/x86_64-linux-gnu/libOgreRTShaderSystem.so;debug;/usr/lib/x86_64-linux-gnu/libOgreRTShaderSystem.so
[23.102s] -- Looking for OGRE_Volume...
[23.658s] -- Found OGRE_Volume: optimized;/usr/lib/x86_64-linux-gnu/libOgreVolume.so;debug;/usr/lib/x86_64-linux-gnu/libOgreVolume.so
[23.660s] -- Looking for OGRE_Overlay...
[24.157s] -- Found OGRE_Overlay: optimized;/usr/lib/x86_64-linux-gnu/libOgreOverlay.so;debug;/usr/lib/x86_64-linux-gnu/libOgreOverlay.so
