running egg_info
writing ../../build/ur_lab/ur_lab.egg-info/PKG-INFO
writing dependency_links to ../../build/ur_lab/ur_lab.egg-info/dependency_links.txt
writing entry points to ../../build/ur_lab/ur_lab.egg-info/entry_points.txt
writing requirements to ../../build/ur_lab/ur_lab.egg-info/requires.txt
writing top-level names to ../../build/ur_lab/ur_lab.egg-info/top_level.txt
reading manifest file '../../build/ur_lab/ur_lab.egg-info/SOURCES.txt'
writing manifest file '../../build/ur_lab/ur_lab.egg-info/SOURCES.txt'
running build
running build_py
copying ur_lab/move_robot.py -> /home/khatam/ur_lab_ws/build/ur_lab/build/lib/ur_lab
running install
running install_lib
copying /home/khatam/ur_lab_ws/build/ur_lab/build/lib/ur_lab/move_robot.py -> /home/khatam/ur_lab_ws/install/ur_lab/lib/python3.10/site-packages/ur_lab
byte-compiling /home/khatam/ur_lab_ws/install/ur_lab/lib/python3.10/site-packages/ur_lab/move_robot.py to move_robot.cpython-310.pyc
running install_data
copying worlds/lab.world -> /home/khatam/ur_lab_ws/install/ur_lab/share/ur_lab/worlds
running install_egg_info
removing '/home/khatam/ur_lab_ws/install/ur_lab/lib/python3.10/site-packages/ur_lab-0.0.0-py3.10.egg-info' (and everything under it)
Copying ../../build/ur_lab/ur_lab.egg-info to /home/khatam/ur_lab_ws/install/ur_lab/lib/python3.10/site-packages/ur_lab-0.0.0-py3.10.egg-info
running install_scripts
Installing add_scene script to /home/khatam/ur_lab_ws/install/ur_lab/lib/ur_lab
Installing move_robot script to /home/khatam/ur_lab_ws/install/ur_lab/lib/ur_lab
writing list of installed files to '/home/khatam/ur_lab_ws/build/ur_lab/install.log'
