/home/khatam/ur_lab_ws/install/ur_lab/lib/python3.10/site-packages/ur_lab/testcube.py
/home/khatam/ur_lab_ws/install/ur_lab/lib/python3.10/site-packages/ur_lab/move_robot.py
/home/khatam/ur_lab_ws/install/ur_lab/lib/python3.10/site-packages/ur_lab/move_spawn.py
/home/khatam/ur_lab_ws/install/ur_lab/lib/python3.10/site-packages/ur_lab/test.py
/home/khatam/ur_lab_ws/install/ur_lab/lib/python3.10/site-packages/ur_lab/move_robot2.py
/home/khatam/ur_lab_ws/install/ur_lab/lib/python3.10/site-packages/ur_lab/add_scene.py
/home/khatam/ur_lab_ws/install/ur_lab/lib/python3.10/site-packages/ur_lab/__init__.py
/home/khatam/ur_lab_ws/install/ur_lab/lib/python3.10/site-packages/ur_lab/__pycache__/testcube.cpython-310.pyc
/home/khatam/ur_lab_ws/install/ur_lab/lib/python3.10/site-packages/ur_lab/__pycache__/move_robot.cpython-310.pyc
/home/khatam/ur_lab_ws/install/ur_lab/lib/python3.10/site-packages/ur_lab/__pycache__/move_spawn.cpython-310.pyc
/home/khatam/ur_lab_ws/install/ur_lab/lib/python3.10/site-packages/ur_lab/__pycache__/test.cpython-310.pyc
/home/khatam/ur_lab_ws/install/ur_lab/lib/python3.10/site-packages/ur_lab/__pycache__/move_robot2.cpython-310.pyc
/home/khatam/ur_lab_ws/install/ur_lab/lib/python3.10/site-packages/ur_lab/__pycache__/add_scene.cpython-310.pyc
/home/khatam/ur_lab_ws/install/ur_lab/lib/python3.10/site-packages/ur_lab/__pycache__/__init__.cpython-310.pyc
/home/khatam/ur_lab_ws/install/ur_lab/share/ament_index/resource_index/packages/ur_lab
/home/khatam/ur_lab_ws/install/ur_lab/share/ur_lab/package.xml
/home/khatam/ur_lab_ws/install/ur_lab/share/ur_lab/launch/sim.launch.py
/home/khatam/ur_lab_ws/install/ur_lab/share/ur_lab/worlds/lab.world
/home/khatam/ur_lab_ws/install/ur_lab/lib/python3.10/site-packages/ur_lab-0.0.0-py3.10.egg-info/SOURCES.txt
/home/khatam/ur_lab_ws/install/ur_lab/lib/python3.10/site-packages/ur_lab-0.0.0-py3.10.egg-info/dependency_links.txt
/home/khatam/ur_lab_ws/install/ur_lab/lib/python3.10/site-packages/ur_lab-0.0.0-py3.10.egg-info/PKG-INFO
/home/khatam/ur_lab_ws/install/ur_lab/lib/python3.10/site-packages/ur_lab-0.0.0-py3.10.egg-info/top_level.txt
/home/khatam/ur_lab_ws/install/ur_lab/lib/python3.10/site-packages/ur_lab-0.0.0-py3.10.egg-info/zip-safe
/home/khatam/ur_lab_ws/install/ur_lab/lib/python3.10/site-packages/ur_lab-0.0.0-py3.10.egg-info/requires.txt
/home/khatam/ur_lab_ws/install/ur_lab/lib/python3.10/site-packages/ur_lab-0.0.0-py3.10.egg-info/entry_points.txt
/home/khatam/ur_lab_ws/install/ur_lab/lib/ur_lab/add_scene
/home/khatam/ur_lab_ws/install/ur_lab/lib/ur_lab/move_robot
