running egg_info
creating ../../build/ur_lab/ur_lab.egg-info
writing ../../build/ur_lab/ur_lab.egg-info/PKG-INFO
writing dependency_links to ../../build/ur_lab/ur_lab.egg-info/dependency_links.txt
writing entry points to ../../build/ur_lab/ur_lab.egg-info/entry_points.txt
writing requirements to ../../build/ur_lab/ur_lab.egg-info/requires.txt
writing top-level names to ../../build/ur_lab/ur_lab.egg-info/top_level.txt
writing manifest file '../../build/ur_lab/ur_lab.egg-info/SOURCES.txt'
reading manifest file '../../build/ur_lab/ur_lab.egg-info/SOURCES.txt'
writing manifest file '../../build/ur_lab/ur_lab.egg-info/SOURCES.txt'
running build
running build_py
creating /home/khatam/ur_lab_ws/build/ur_lab/build
creating /home/khatam/ur_lab_ws/build/ur_lab/build/lib
creating /home/khatam/ur_lab_ws/build/ur_lab/build/lib/ur_lab
copying ur_lab/__init__.py -> /home/khatam/ur_lab_ws/build/ur_lab/build/lib/ur_lab
running install
running install_lib
creating /home/khatam/ur_lab_ws/install/ur_lab/lib/python3.10/site-packages/ur_lab
copying /home/khatam/ur_lab_ws/build/ur_lab/build/lib/ur_lab/__init__.py -> /home/khatam/ur_lab_ws/install/ur_lab/lib/python3.10/site-packages/ur_lab
byte-compiling /home/khatam/ur_lab_ws/install/ur_lab/lib/python3.10/site-packages/ur_lab/__init__.py to __init__.cpython-310.pyc
running install_data
creating /home/khatam/ur_lab_ws/install/ur_lab/share/ament_index
creating /home/khatam/ur_lab_ws/install/ur_lab/share/ament_index/resource_index
creating /home/khatam/ur_lab_ws/install/ur_lab/share/ament_index/resource_index/packages
copying resource/ur_lab -> /home/khatam/ur_lab_ws/install/ur_lab/share/ament_index/resource_index/packages
copying package.xml -> /home/khatam/ur_lab_ws/install/ur_lab/share/ur_lab
creating /home/khatam/ur_lab_ws/install/ur_lab/share/ur_lab/launch
copying launch/sim.launch.py -> /home/khatam/ur_lab_ws/install/ur_lab/share/ur_lab/launch
creating /home/khatam/ur_lab_ws/install/ur_lab/share/ur_lab/worlds
copying worlds/lab.world -> /home/khatam/ur_lab_ws/install/ur_lab/share/ur_lab/worlds
running install_egg_info
Copying ../../build/ur_lab/ur_lab.egg-info to /home/khatam/ur_lab_ws/install/ur_lab/lib/python3.10/site-packages/ur_lab-0.0.0-py3.10.egg-info
running install_scripts
writing list of installed files to '/home/khatam/ur_lab_ws/build/ur_lab/install.log'
