[0.363s] Invoking command in '/home/khatam/ur_lab_ws/src/ur_lab': PYTHONPATH=/home/khatam/ur_lab_ws/build/ur_lab/prefix_override:/usr/lib/python3/dist-packages/colcon_core/task/python/colcon_distutils_commands:/home/khatam/ur_lab_ws/install/ur_lab/lib/python3.10/site-packages:${PYTHONPATH} /usr/bin/python3 -W ignore:setup.py install is deprecated -W ignore:easy_install command is deprecated setup.py egg_info --egg-base ../../build/ur_lab build --build-base /home/khatam/ur_lab_ws/build/ur_lab/build install --record /home/khatam/ur_lab_ws/build/ur_lab/install.log --single-version-externally-managed install_data
[0.474s] running egg_info
[0.474s] creating ../../build/ur_lab/ur_lab.egg-info
[0.474s] writing ../../build/ur_lab/ur_lab.egg-info/PKG-INFO
[0.474s] writing dependency_links to ../../build/ur_lab/ur_lab.egg-info/dependency_links.txt
[0.474s] writing entry points to ../../build/ur_lab/ur_lab.egg-info/entry_points.txt
[0.474s] writing requirements to ../../build/ur_lab/ur_lab.egg-info/requires.txt
[0.474s] writing top-level names to ../../build/ur_lab/ur_lab.egg-info/top_level.txt
[0.474s] writing manifest file '../../build/ur_lab/ur_lab.egg-info/SOURCES.txt'
[0.475s] reading manifest file '../../build/ur_lab/ur_lab.egg-info/SOURCES.txt'
[0.475s] writing manifest file '../../build/ur_lab/ur_lab.egg-info/SOURCES.txt'
[0.475s] running build
[0.475s] running build_py
[0.475s] creating /home/khatam/ur_lab_ws/build/ur_lab/build
[0.475s] creating /home/khatam/ur_lab_ws/build/ur_lab/build/lib
[0.475s] creating /home/khatam/ur_lab_ws/build/ur_lab/build/lib/ur_lab
[0.475s] copying ur_lab/__init__.py -> /home/khatam/ur_lab_ws/build/ur_lab/build/lib/ur_lab
[0.475s] running install
[0.475s] running install_lib
[0.476s] creating /home/khatam/ur_lab_ws/install/ur_lab/lib/python3.10/site-packages/ur_lab
[0.476s] copying /home/khatam/ur_lab_ws/build/ur_lab/build/lib/ur_lab/__init__.py -> /home/khatam/ur_lab_ws/install/ur_lab/lib/python3.10/site-packages/ur_lab
[0.476s] byte-compiling /home/khatam/ur_lab_ws/install/ur_lab/lib/python3.10/site-packages/ur_lab/__init__.py to __init__.cpython-310.pyc
[0.476s] running install_data
[0.476s] creating /home/khatam/ur_lab_ws/install/ur_lab/share/ament_index
[0.476s] creating /home/khatam/ur_lab_ws/install/ur_lab/share/ament_index/resource_index
[0.476s] creating /home/khatam/ur_lab_ws/install/ur_lab/share/ament_index/resource_index/packages
[0.476s] copying resource/ur_lab -> /home/khatam/ur_lab_ws/install/ur_lab/share/ament_index/resource_index/packages
[0.476s] copying package.xml -> /home/khatam/ur_lab_ws/install/ur_lab/share/ur_lab
[0.476s] creating /home/khatam/ur_lab_ws/install/ur_lab/share/ur_lab/launch
[0.476s] copying launch/sim.launch.py -> /home/khatam/ur_lab_ws/install/ur_lab/share/ur_lab/launch
[0.476s] creating /home/khatam/ur_lab_ws/install/ur_lab/share/ur_lab/worlds
[0.476s] copying worlds/lab.world -> /home/khatam/ur_lab_ws/install/ur_lab/share/ur_lab/worlds
[0.476s] running install_egg_info
[0.477s] Copying ../../build/ur_lab/ur_lab.egg-info to /home/khatam/ur_lab_ws/install/ur_lab/lib/python3.10/site-packages/ur_lab-0.0.0-py3.10.egg-info
[0.477s] running install_scripts
[0.486s] writing list of installed files to '/home/khatam/ur_lab_ws/build/ur_lab/install.log'
[0.497s] Invoked command in '/home/khatam/ur_lab_ws/src/ur_lab' returned '0': PYTHONPATH=/home/khatam/ur_lab_ws/build/ur_lab/prefix_override:/usr/lib/python3/dist-packages/colcon_core/task/python/colcon_distutils_commands:/home/khatam/ur_lab_ws/install/ur_lab/lib/python3.10/site-packages:${PYTHONPATH} /usr/bin/python3 -W ignore:setup.py install is deprecated -W ignore:easy_install command is deprecated setup.py egg_info --egg-base ../../build/ur_lab build --build-base /home/khatam/ur_lab_ws/build/ur_lab/build install --record /home/khatam/ur_lab_ws/build/ur_lab/install.log --single-version-externally-managed install_data
