[2.376s] Invoking command in '/mnt/c/Users/Amir/Downloads/ros2_ws/build/ur_lab': PYTHONPATH=/mnt/c/Users/Amir/Downloads/ros2_ws/build/ur_lab/prefix_override:/usr/lib/python3/dist-packages/colcon_core/task/python/colcon_distutils_commands:/mnt/c/Users/Amir/Downloads/ros2_ws/install/ur_lab/lib/python3.10/site-packages:${PYTHONPATH} /usr/bin/python3 -W ignore:setup.py install is deprecated -W ignore:easy_install command is deprecated setup.py develop --editable --build-directory /mnt/c/Users/Amir/Downloads/ros2_ws/build/ur_lab/build --no-deps symlink_data
[2.955s] running develop
[3.184s] running egg_info
[3.186s] writing ur_lab.egg-info/PKG-INFO
[3.189s] writing dependency_links to ur_lab.egg-info/dependency_links.txt
[3.191s] writing entry points to ur_lab.egg-info/entry_points.txt
[3.196s] writing requirements to ur_lab.egg-info/requires.txt
[3.199s] writing top-level names to ur_lab.egg-info/top_level.txt
[3.295s] reading manifest file 'ur_lab.egg-info/SOURCES.txt'
[3.412s] writing manifest file 'ur_lab.egg-info/SOURCES.txt'
[3.421s] running build_ext
[3.423s] Creating /mnt/c/Users/Amir/Downloads/ros2_ws/install/ur_lab/lib/python3.10/site-packages/ur-lab.egg-link (link to .)
[3.441s] Installing add_scene script to /mnt/c/Users/Amir/Downloads/ros2_ws/install/ur_lab/lib/ur_lab
[3.456s] Installing move_robot script to /mnt/c/Users/Amir/Downloads/ros2_ws/install/ur_lab/lib/ur_lab
[3.473s] Installing pick_cube script to /mnt/c/Users/Amir/Downloads/ros2_ws/install/ur_lab/lib/ur_lab
[3.492s] 
[3.494s] Installed /mnt/c/Users/Amir/Downloads/ros2_ws/build/ur_lab
[3.496s] running symlink_data
[3.567s] creating /mnt/c/Users/Amir/Downloads/ros2_ws/install/ur_lab/share/ur_lab/config
[3.577s] symbolically linking /mnt/c/Users/Amir/Downloads/ros2_ws/build/ur_lab/config/ur_controllers.yaml -> /mnt/c/Users/Amir/Downloads/ros2_ws/install/ur_lab/share/ur_lab/config
[3.583s] creating /mnt/c/Users/Amir/Downloads/ros2_ws/install/ur_lab/share/ur_lab/urdf
[3.592s] symbolically linking /mnt/c/Users/Amir/Downloads/ros2_ws/build/ur_lab/urdf/ur5e_gripper.urdf.xacro -> /mnt/c/Users/Amir/Downloads/ros2_ws/install/ur_lab/share/ur_lab/urdf
[3.612s] Invoked command in '/mnt/c/Users/Amir/Downloads/ros2_ws/build/ur_lab' returned '0': PYTHONPATH=/mnt/c/Users/Amir/Downloads/ros2_ws/build/ur_lab/prefix_override:/usr/lib/python3/dist-packages/colcon_core/task/python/colcon_distutils_commands:/mnt/c/Users/Amir/Downloads/ros2_ws/install/ur_lab/lib/python3.10/site-packages:${PYTHONPATH} /usr/bin/python3 -W ignore:setup.py install is deprecated -W ignore:easy_install command is deprecated setup.py develop --editable --build-directory /mnt/c/Users/Amir/Downloads/ros2_ws/build/ur_lab/build --no-deps symlink_data
