[0.144s] Invoking command in '/mnt/c/Users/Amir/Downloads/ros2_ws/build/ur_lab_gazebo': CMAKE_PREFIX_PATH=${CMAKE_PREFIX_PATH}:/mnt/c/Users/Amir/Downloads/ros2_ws/install/ur_lab:/opt/ros/humble /usr/bin/cmake /mnt/c/Users/Amir/Downloads/ros2_ws/src/ur_lab_gazebo -DAMENT_CMAKE_SYMLINK_INSTALL=1 -DCMAKE_INSTALL_PREFIX=/mnt/c/Users/Amir/Downloads/ros2_ws/install/ur_lab_gazebo
[0.791s] -- The C compiler identification is GNU 11.4.0
[1.452s] -- The CXX compiler identification is GNU 11.4.0
[1.762s] -- Detecting C compiler ABI info
[2.534s] -- Detecting C compiler ABI info - done
[2.575s] -- Check for working C compiler: /usr/bin/cc - skipped
[2.578s] -- Detecting C compile features
[2.581s] -- Detecting C compile features - done
[2.636s] -- Detecting CXX compiler ABI info
[3.410s] -- Detecting CXX compiler ABI info - done
[3.453s] -- Check for working CXX compiler: /usr/bin/c++ - skipped
[3.456s] -- Detecting CXX compile features
[3.459s] -- Detecting CXX compile features - done
[3.587s] -- Found ament_cmake: 1.3.14 (/opt/ros/humble/share/ament_cmake/cmake)
[4.689s] -- Found Python3: /usr/bin/python3 (found version "3.10.12") found components: Interpreter 
[5.070s] -- Override CMake install command with custom implementation using symlinks instead of copying resources
[6.458s] -- Found rclcpp: 16.0.19 (/opt/ros/humble/share/rclcpp/cmake)
[7.650s] -- Found rosidl_generator_c: 3.1.9 (/opt/ros/humble/share/rosidl_generator_c/cmake)
[7.842s] -- Found rosidl_adapter: 3.1.9 (/opt/ros/humble/share/rosidl_adapter/cmake)
[8.022s] -- Found rosidl_generator_cpp: 3.1.9 (/opt/ros/humble/share/rosidl_generator_cpp/cmake)
[8.245s] -- Using all available rosidl_typesupport_c: rosidl_typesupport_fastrtps_c;rosidl_typesupport_introspection_c
[8.554s] -- Using all available rosidl_typesupport_cpp: rosidl_typesupport_fastrtps_cpp;rosidl_typesupport_introspection_cpp
[9.607s] -- Found rmw_implementation_cmake: 6.1.3 (/opt/ros/humble/share/rmw_implementation_cmake/cmake)
[9.731s] -- Found rmw_fastrtps_cpp: 6.2.10 (/opt/ros/humble/share/rmw_fastrtps_cpp/cmake)
[11.769s] -- Found OpenSSL: /usr/lib/x86_64-linux-gnu/libcrypto.so (found version "3.0.2")  
[13.193s] -- Found FastRTPS: /opt/ros/humble/include  
[15.738s] -- Using RMW implementation 'rmw_fastrtps_cpp' as default
[16.085s] -- Looking for pthread.h
[16.846s] -- Looking for pthread.h - found
[16.854s] -- Performing Test CMAKE_HAVE_LIBC_PTHREAD
[17.662s] -- Performing Test CMAKE_HAVE_LIBC_PTHREAD - Success
[17.667s] -- Found Threads: TRUE  
[18.134s] -- Found gazebo_dev: 3.9.0 (/opt/ros/humble/share/gazebo_dev/cmake)
[18.264s] -- Found PkgConfig: /usr/bin/pkg-config (found version "0.29.2") 
[18.266s] -- Checking for module 'bullet>=2.82'
[18.384s] --   Found bullet, version 3.05
[19.312s] -- Found fcl: /usr/include (found suitable version "0.7.0", minimum required is "0.5.0") 
[19.615s] -- Found assimp: /usr/include (found version "5.2.0") 
[20.133s] -- Found DART: /usr/include (Required is at least version "6.6") found components: dart 
[20.693s] -- Found Boost: /usr/lib/x86_64-linux-gnu/cmake/Boost-1.74.0/BoostConfig.cmake (found suitable version "1.74.0", minimum required is "1.40.0") found components: thread system filesystem program_options regex iostreams date_time 
[21.107s] -- Found Protobuf: /usr/lib/x86_64-linux-gnu/libprotobuf.so (found version "3.12.4") 
[21.300s] -- Looking for ignition-math6 -- found version 6.16.0
[21.385s] -- Searching for dependencies of ignition-math6
[21.387s] -- Looking for OGRE...
[21.389s] -- OGRE_PREFIX_WATCH changed.
[21.402s] -- Checking for module 'OGRE'
[21.513s] --   Found OGRE, version 1.9.0
[21.724s] -- Found Ogre Ghadamon (1.9.0)
[22.239s] -- Found OGRE: optimized;/usr/lib/x86_64-linux-gnu/libOgreMain.so;debug;/usr/lib/x86_64-linux-gnu/libOgreMain.so
[22.246s] -- Looking for OGRE_Paging...
[22.687s] -- Found OGRE_Paging: optimized;/usr/lib/x86_64-linux-gnu/libOgrePaging.so;debug;/usr/lib/x86_64-linux-gnu/libOgrePaging.so
[22.691s] -- Looking for OGRE_Terrain...
[23.238s] -- Found OGRE_Terrain: optimized;/usr/lib/x86_64-linux-gnu/libOgreTerrain.so;debug;/usr/lib/x86_64-linux-gnu/libOgreTerrain.so
[23.240s] -- Looking for OGRE_Property...
[23.712s] -- Found OGRE_Property: optimized;/usr/lib/x86_64-linux-gnu/libOgreProperty.so;debug;/usr/lib/x86_64-linux-gnu/libOgreProperty.so
[23.715s] -- Looking for OGRE_RTShaderSystem...
[24.148s] -- Found OGRE_RTShaderSystem: optimized;/usr/lib/x86_64-linux-gnu/libOgreRTShaderSystem.so;debug;/usr/lib/x86_64-linux-gnu/libOgreRTShaderSystem.so
[24.150s] -- Looking for OGRE_Volume...
[24.576s] -- Found OGRE_Volume: optimized;/usr/lib/x86_64-linux-gnu/libOgreVolume.so;debug;/usr/lib/x86_64-linux-gnu/libOgreVolume.so
[24.578s] -- Looking for OGRE_Overlay...
[25.038s] -- Found OGRE_Overlay: optimized;/usr/lib/x86_64-linux-gnu/libOgreOverlay.so;debug;/usr/lib/x86_64-linux-gnu/libOgreOverlay.so
[45.361s] -- Looking for ignition-math6 -- found version 6.16.0
[45.428s] -- Looking for ignition-transport8 -- found version 8.2.1
[45.430s] -- Searching for dependencies of ignition-transport8
[46.658s] -- Found Protobuf: /usr/lib/x86_64-linux-gnu/libprotobuf.so (found suitable version "3.12.4", minimum required is "3") 
[47.799s] -- Config-file not installed for ZeroMQ -- checking for pkg-config
[47.814s] -- Checking for module 'libzmq >= 4'
[47.946s] --   Found libzmq , version 4.3.4
[48.132s] -- Found ZeroMQ: TRUE (Required is at least version "4") 
[48.189s] -- Checking for module 'uuid'
[48.306s] --   Found uuid, version 2.37.2
[48.507s] -- Found UUID: TRUE  
[48.596s] -- Looking for ignition-msgs5 -- found version 5.8.1
[48.598s] -- Searching for dependencies of ignition-msgs5
[49.839s] -- Looking for ignition-math6 -- found version 6.16.0
[49.848s] -- Checking for module 'tinyxml2'
[49.893s] --   Found tinyxml2, version 9.0.0
[49.973s] -- Looking for ignition-msgs5 -- found version 5.8.1
[50.053s] -- Looking for ignition-common3 -- found version 3.14.0
[50.056s] -- Searching for dependencies of ignition-common3
[50.097s] -- Looking for dlfcn.h - found
[50.135s] -- Looking for libdl - found
[50.137s] -- Found DL: TRUE  
[50.354s] -- Found tinyobjloader: /usr/lib/x86_64-linux-gnu/cmake/tinyobjloader/tinyobjloader-config.cmake (found version "2.0.0") 
[50.356s] -- Searching for <ignition-common3> component [graphics]
[50.469s] -- Looking for ignition-common3-graphics -- found version 3.14.0
[50.471s] -- Searching for dependencies of ignition-common3-graphics
[50.474s] -- Looking for ignition-math6 -- found version 6.16.0
[50.586s] -- Looking for ignition-fuel_tools4 -- found version 4.4.0
[50.589s] -- Searching for dependencies of ignition-fuel_tools4
[52.376s] -- Found CURL: /usr/lib/x86_64-linux-gnu/libcurl.so (found version "7.81.0")  
[52.511s] -- Checking for module 'jsoncpp'
[52.618s] --   Found jsoncpp, version 1.9.5
[52.801s] -- Found JSONCPP: TRUE  
[52.819s] -- Checking for module 'libzip'
[52.950s] --   Found libzip, version 1.7.3
[53.174s] -- Found ZIP: TRUE  
[53.176s] -- Looking for ignition-common3 -- found version 3.14.0
[53.179s] -- Looking for ignition-math6 -- found version 6.16.0
[53.182s] -- Looking for ignition-msgs5 -- found version 5.8.1
[53.279s] -- Gazebo version: 11.10
[53.282s] -- Checking for module 'tbb'
[53.396s] --   Found tbb, version 2021.5.0
[53.681s] -- Found gazebo_ros: 3.9.0 (/opt/ros/humble/share/gazebo_ros/cmake)
[54.880s] -- Configuring done
[55.296s] -- Generating done
[55.591s] -- Build files have been written to: /mnt/c/Users/Amir/Downloads/ros2_ws/build/ur_lab_gazebo
[55.601s] Invoked command in '/mnt/c/Users/Amir/Downloads/ros2_ws/build/ur_lab_gazebo' returned '0': CMAKE_PREFIX_PATH=${CMAKE_PREFIX_PATH}:/mnt/c/Users/Amir/Downloads/ros2_ws/install/ur_lab:/opt/ros/humble /usr/bin/cmake /mnt/c/Users/Amir/Downloads/ros2_ws/src/ur_lab_gazebo -DAMENT_CMAKE_SYMLINK_INSTALL=1 -DCMAKE_INSTALL_PREFIX=/mnt/c/Users/Amir/Downloads/ros2_ws/install/ur_lab_gazebo
[55.609s] Invoking command in '/mnt/c/Users/Amir/Downloads/ros2_ws/build/ur_lab_gazebo': CMAKE_PREFIX_PATH=${CMAKE_PREFIX_PATH}:/mnt/c/Users/Amir/Downloads/ros2_ws/install/ur_lab:/opt/ros/humble /usr/bin/cmake --build /mnt/c/Users/Amir/Downloads/ros2_ws/build/ur_lab_gazebo -- -j16 -l16
[55.962s] [ 50%] Building CXX object CMakeFiles/grasp_welder.dir/src/grasp_welder.cpp.o
[71.136s] [100%] Linking CXX shared library libgrasp_welder.so
[78.678s] [100%] Built target grasp_welder
[78.716s] Invoked command in '/mnt/c/Users/Amir/Downloads/ros2_ws/build/ur_lab_gazebo' returned '0': CMAKE_PREFIX_PATH=${CMAKE_PREFIX_PATH}:/mnt/c/Users/Amir/Downloads/ros2_ws/install/ur_lab:/opt/ros/humble /usr/bin/cmake --build /mnt/c/Users/Amir/Downloads/ros2_ws/build/ur_lab_gazebo -- -j16 -l16
[78.759s] Invoking command in '/mnt/c/Users/Amir/Downloads/ros2_ws/build/ur_lab_gazebo': CMAKE_PREFIX_PATH=${CMAKE_PREFIX_PATH}:/mnt/c/Users/Amir/Downloads/ros2_ws/install/ur_lab:/opt/ros/humble /usr/bin/cmake --install /mnt/c/Users/Amir/Downloads/ros2_ws/build/ur_lab_gazebo
[78.782s] -- Install configuration: ""
[78.793s] -- Execute custom install script
[78.812s] -- Symlinking: /mnt/c/Users/Amir/Downloads/ros2_ws/install/ur_lab_gazebo/lib/libgrasp_welder.so
[78.953s] -- Symlinking: /mnt/c/Users/Amir/Downloads/ros2_ws/install/ur_lab_gazebo/share/ur_lab_gazebo/environment/ur_lab_gazebo.dsv
[79.104s] -- Symlinking: /mnt/c/Users/Amir/Downloads/ros2_ws/install/ur_lab_gazebo/share/ament_index/resource_index/package_run_dependencies/ur_lab_gazebo
[79.273s] -- Symlinking: /mnt/c/Users/Amir/Downloads/ros2_ws/install/ur_lab_gazebo/share/ament_index/resource_index/parent_prefix_path/ur_lab_gazebo
[79.397s] -- Symlinking: /mnt/c/Users/Amir/Downloads/ros2_ws/install/ur_lab_gazebo/share/ur_lab_gazebo/environment/ament_prefix_path.sh
[79.535s] -- Symlinking: /mnt/c/Users/Amir/Downloads/ros2_ws/install/ur_lab_gazebo/share/ur_lab_gazebo/environment/ament_prefix_path.dsv
[79.652s] -- Symlinking: /mnt/c/Users/Amir/Downloads/ros2_ws/install/ur_lab_gazebo/share/ur_lab_gazebo/environment/path.sh
[79.792s] -- Symlinking: /mnt/c/Users/Amir/Downloads/ros2_ws/install/ur_lab_gazebo/share/ur_lab_gazebo/environment/path.dsv
[79.927s] -- Symlinking: /mnt/c/Users/Amir/Downloads/ros2_ws/install/ur_lab_gazebo/share/ur_lab_gazebo/local_setup.bash
[80.055s] -- Symlinking: /mnt/c/Users/Amir/Downloads/ros2_ws/install/ur_lab_gazebo/share/ur_lab_gazebo/local_setup.sh
[80.184s] -- Symlinking: /mnt/c/Users/Amir/Downloads/ros2_ws/install/ur_lab_gazebo/share/ur_lab_gazebo/local_setup.zsh
[80.300s] -- Symlinking: /mnt/c/Users/Amir/Downloads/ros2_ws/install/ur_lab_gazebo/share/ur_lab_gazebo/local_setup.dsv
[80.437s] -- Symlinking: /mnt/c/Users/Amir/Downloads/ros2_ws/install/ur_lab_gazebo/share/ur_lab_gazebo/package.dsv
[80.562s] -- Symlinking: /mnt/c/Users/Amir/Downloads/ros2_ws/install/ur_lab_gazebo/share/ament_index/resource_index/packages/ur_lab_gazebo
[80.721s] -- Symlinking: /mnt/c/Users/Amir/Downloads/ros2_ws/install/ur_lab_gazebo/share/ur_lab_gazebo/cmake/ur_lab_gazeboConfig.cmake
[80.849s] -- Symlinking: /mnt/c/Users/Amir/Downloads/ros2_ws/install/ur_lab_gazebo/share/ur_lab_gazebo/cmake/ur_lab_gazeboConfig-version.cmake
[80.976s] -- Symlinking: /mnt/c/Users/Amir/Downloads/ros2_ws/install/ur_lab_gazebo/share/ur_lab_gazebo/package.xml
[81.089s] Invoked command in '/mnt/c/Users/Amir/Downloads/ros2_ws/build/ur_lab_gazebo' returned '0': CMAKE_PREFIX_PATH=${CMAKE_PREFIX_PATH}:/mnt/c/Users/Amir/Downloads/ros2_ws/install/ur_lab:/opt/ros/humble /usr/bin/cmake --install /mnt/c/Users/Amir/Downloads/ros2_ws/build/ur_lab_gazebo
